[use.fontawesome.com/releases/v5.0.13/css/all.css]
[cdnjs.cloudflare.com/ajax/libs/intl-tel-input/17.0.3/css/intlTelInput.min.css]
[connect.facebook.net/en_US/sdk.js]
[backblue.gif]
[fade.gif]
[index.html]
[vcard-bucket.s3.us-east-2.amazonaws.com/A7/3373/1599481719022.jpeg]
[vcard-bucket.s3.us-east-2.amazonaws.com/A7/3373/3373.vcf]
[vcard-bucket.s3.us-east-2.amazonaws.com/A7/3373/1599484004915.jpg]
[vcard-bucket.s3.us-east-2.amazonaws.com/A7/3373/1599484044339.jpg]
[vcard-bucket.s3.us-east-2.amazonaws.com/A7/3373/1599484077356.jpeg]
[vcard-bucket.s3.us-east-2.amazonaws.com/A7/3373/1599484102468.jpeg]
[vcard-bucket.s3.us-east-2.amazonaws.com/A7/3373/1599484189114.jpeg]
[vcard-bucket.s3.us-east-2.amazonaws.com/A7/3373/1599484219933.jpeg]
[vcard-bucket.s3.us-east-2.amazonaws.com/A7/3373/1599484592748.jpeg]
[vcard-bucket.s3.us-east-2.amazonaws.com/A7/3373/1599484707775.jpg]
[vcard-bucket.s3.us-east-2.amazonaws.com/A7/3373/1599484864809.jpeg]
[vcard-bucket.s3.us-east-2.amazonaws.com/A7/3373/1599484848338.jpeg]
[vcard-bucket.s3.us-east-2.amazonaws.com/A7/3373/1599485750956.jpeg]
[vcard-bucket.s3.us-east-2.amazonaws.com/A7/3373/1599486041483.jpg]
[vcard-bucket.s3.us-east-2.amazonaws.com/A7/3373/1599486041484.jpeg]
[vcard-bucket.s3.us-east-2.amazonaws.com/A7/3373/1599486041488.jpg]
[vcard-bucket.s3.us-east-2.amazonaws.com/A7/3373/1599486041489.jpg]
[vcard-bucket.s3.us-east-2.amazonaws.com/A7/3373/1599486041490.jpg]
[vcard-bucket.s3.us-east-2.amazonaws.com/A7/3373/1599486070057.jpeg]
[vcard-bucket.s3.us-east-2.amazonaws.com/A7/3373/1599486070058.jpeg]
[vcard-bucket.s3.us-east-2.amazonaws.com/A7/3373/1599486070059.jpeg]
[vcard-bucket.s3.us-east-2.amazonaws.com/A7/3373/1599486070060.jpeg]
[vcard-bucket.s3.us-east-2.amazonaws.com/A7/3373/1599486070061.jpeg]
[vcard-bucket.s3.us-east-2.amazonaws.com/A7/3373/1599486070062.jpeg]
[vcard-bucket.s3.us-east-2.amazonaws.com/A7/3373/1599486070063.jpeg]
[vcard-bucket.s3.us-east-2.amazonaws.com/A7/3373/1599486070064.jpeg]
[vcard-bucket.s3.us-east-2.amazonaws.com/A7/3373/1599486070066.jpeg]
[vcard-bucket.s3.us-east-2.amazonaws.com/A7/3373/1599486070067.jpeg]
[vcard-bucket.s3.us-east-2.amazonaws.com/A7/3373/1599487871967.jpeg]
[vcard-bucket.s3.us-east-2.amazonaws.com/A7/3373/1599487871968.jpeg]
[vcard-bucket.s3.us-east-2.amazonaws.com/A7/3373/1599487871969.jpeg]
[vcard-bucket.s3.us-east-2.amazonaws.com/A7/3373/1599487898436.jpeg]
[vcard-bucket.s3.us-east-2.amazonaws.com/A7/3373/1599487970597.jpeg]
[cdnjs.cloudflare.com/ajax/libs/intl-tel-input/17.0.3/js/intlTelInput.min.js]
[cdnjs.cloudflare.com/ajax/libs/intl-tel-input/17.0.3/js/utils.min.js]
[mycrd.in/templates/common/js/star-rating.js]
[mycrd.in/templates/common/js/script.1.js]
[mycrd.in/new-tiruppur-traders.html]
[fonts.googleapis.com/cssd5a5.css]
[fonts.googleapis.com/cssa12c.css]
[mycrd.in/index.html]
[use.fontawesome.com/releases/v5.0.13/webfonts/fa-regular-400.svg]
[use.fontawesome.com/releases/v5.0.13/css/all.css]
[use.fontawesome.com/releases/v5.0.13/webfonts/fa-brands-400.svg]
[use.fontawesome.com/releases/v5.0.13/webfonts/fa-solid-900.svg]
[mycrd.in/templates/template1/bgwood.jpg]
[mycrd.in/templates/template1/bg.png]
[cdnjs.cloudflare.com/ajax/libs/intl-tel-input/17.0.3/img/flags.png]
[mycrd.in/templates/template1/style.css]
[cdnjs.cloudflare.com/ajax/libs/intl-tel-input/17.0.3/img/flags@2x.png]
[cdnjs.cloudflare.com/ajax/libs/intl-tel-input/17.0.3/js/intlTelInput.min.js]
[cdnjs.cloudflare.com/ajax/libs/intl-tel-input/17.0.3/js/utils.min.js]
[cdnjs.cloudflare.com/ajax/libs/intl-tel-input/17.0.3/img/flags@2x.png]
[cdnjs.cloudflare.com/ajax/libs/intl-tel-input/17.0.3/img/flags.png]
[mycrd.in/templates/template1/bg.png]
[mycrd.in/templates/common/css/star-rating.css]
[cdnjs.cloudflare.com/ajax/libs/intl-tel-input/17.0.3/css/intlTelInput.min.css]
[connect.facebook.net/en_US/sdk.js]
[mycrd.in/index.html]
[mycrd.in/templates/template1/tild-arrow.svg]
[use.fontawesome.com/releases/v5.0.13/webfonts/fa-brands-400.svg]
[use.fontawesome.com/releases/v5.0.13/webfonts/fa-regular-400.svg]
[use.fontawesome.com/releases/v5.0.13/webfonts/fa-solid-900.svg]
[mycrd.in/templates/common/img/star-empty.svg]
[mycrd.in/templates/common/img/star-full.svg]
